ca65 V2.19 - Git cc3c40c
Main file   : ../common/source/modem2.s
Current file: ../common/source/modem2.s

000000r 1               .include "io.inc"
000000r 2               
000000r 2               .ifndef IO_INC
000000r 2               IO_INC = 1
000000r 2               
000000r 2               ;https://github.com/grappendorf/homecomputer-6502/blob/748c43e96795b9f0a5946ac8117e01654bb7794e/firmware/io.inc65
000000r 2               ;https://github.com/peternoyes/dodo/tree/master/src
000000r 2               
000000r 2               .import __VIA1_START__
000000r 2               .import __VIA2_START__
000000r 2               .import __ACIA1_START__
000000r 2               
000000r 2               VIA1_PORTB = __VIA1_START__ + 0
000000r 2               VIA1_PORTA = __VIA1_START__ + 1
000000r 2               VIA1_DDRB  = __VIA1_START__ + 2
000000r 2               VIA1_DDRA  = __VIA1_START__ + 3
000000r 2               VIA1_T1CL  = __VIA1_START__ + 4
000000r 2               VIA1_T1CH  = __VIA1_START__ + 5
000000r 2               VIA1_T1LL  = __VIA1_START__ + 6
000000r 2               VIA1_T1LH  = __VIA1_START__ + 7
000000r 2               VIA1_T2CL  = __VIA1_START__ + 8
000000r 2               VIA1_T2CH  = __VIA1_START__ + 9
000000r 2               VIA1_SR    = __VIA1_START__ + 10
000000r 2               VIA1_ACR   = __VIA1_START__ + 11
000000r 2               VIA1_PCR   = __VIA1_START__ + 12
000000r 2               VIA1_IFR   = __VIA1_START__ + 13
000000r 2               VIA1_IER   = __VIA1_START__ + 14
000000r 2               VIA1_PANH  = __VIA1_START__ + 15
000000r 2               
000000r 2               VIA2_PORTB = __VIA2_START__ + 0
000000r 2               VIA2_PORTA = __VIA2_START__ + 1
000000r 2               VIA2_DDRB  = __VIA2_START__ + 2
000000r 2               VIA2_DDRA  = __VIA2_START__ + 3
000000r 2               VIA2_T1CL  = __VIA2_START__ + 4
000000r 2               VIA2_T1CH  = __VIA2_START__ + 5
000000r 2               VIA2_T1LL  = __VIA2_START__ + 6
000000r 2               VIA2_T1LH  = __VIA2_START__ + 7
000000r 2               VIA2_T2CL  = __VIA2_START__ + 8
000000r 2               VIA2_T2CH  = __VIA2_START__ + 9
000000r 2               VIA2_SR    = __VIA2_START__ + 10
000000r 2               VIA2_ACR   = __VIA2_START__ + 11
000000r 2               VIA2_PCR   = __VIA2_START__ + 12
000000r 2               VIA2_IFR   = __VIA2_START__ + 13
000000r 2               VIA2_IER   = __VIA2_START__ + 14
000000r 2               VIA2_PANH  = __VIA2_START__ + 15
000000r 2               
000000r 2               ; Port bits
000000r 2               VIA_P0 = 1 << 0
000000r 2               VIA_P1 = 1 << 1
000000r 2               VIA_P2 = 1 << 2
000000r 2               VIA_P3 = 1 << 3
000000r 2               VIA_P4 = 1 << 4
000000r 2               VIA_P5 = 1 << 5
000000r 2               VIA_P6 = 1 << 6
000000r 2               VIA_P7 = 1 << 7
000000r 2               
000000r 2               
000000r 2               ;
000000r 2               ; LED Ports and Pins
000000r 2               ;
000000r 2               LED_PORT  = VIA2_PORTA
000000r 2               PIN_LED = VIA_P0
000000r 2               
000000r 2               ;
000000r 2               ; LCD Port and Pins
000000r 2               ;
000000r 2               .if lcd_type=20
000000r 2                 ; built in 20x4
000000r 2                 LCD_DDR  = VIA2_DDRA
000000r 2                 LCD_PORT = VIA2_PORTA
000000r 2               .elseif lcd_type=40
000000r 2                 ; test 40x4
000000r 2                 LCD_DDR  = VIA1_DDRA
000000r 2                 LCD_PORT = VIA1_PORTA
000000r 2               .endif
000000r 2               
000000r 2               LCD_E2 = VIA_P0
000000r 2               LCD_RS = VIA_P1
000000r 2               LCD_RW = VIA_P2
000000r 2               LCD_E1 = VIA_P3
000000r 2               LCD_D4 = VIA_P4
000000r 2               LCD_D5 = VIA_P5
000000r 2               LCD_D6 = VIA_P6
000000r 2               LCD_D7 = VIA_P7
000000r 2               
000000r 2               
000000r 2               ;
000000r 2               ; PS/2 Ports and Pins
000000r 2               ;
000000r 2               PS2_PORT = VIA2_PORTA
000000r 2               PS2_DDR  = VIA2_DDRA
000000r 2               
000000r 2               PS2_CLK  = VIA_P6
000000r 2               PS2_DATA = VIA_P7
000000r 2               
000000r 2               
000000r 2               ;
000000r 2               ; SPI Ports and Pins
000000r 2               ;
000000r 2               SPI_PORT = VIA2_PORTB
000000r 2               SPI_DDR  = VIA2_DDRB
000000r 2               SPI_SR   = VIA2_SR
000000r 2               SPI_ACR  = VIA2_ACR
000000r 2               
000000r 2               spi_device_sdcard	  = %00011100 ;spi device number 1110??? (SPI_SS1)
000000r 2               spi_device_ra8875   = %00011010 ;spi device number 1101??? (SPI_SS2)
000000r 2               spi_device_rtc	  	= %00010110 ;spi device number 1011??? (SPI_SS3)
000000r 2               spi_device_deselect = %00011110 ; deselect any device
000000r 2               SDCARD_DETECT			= VIA_P6
000000r 2               
000000r 2               
000000r 2               ;
000000r 2               ; SNES Ports and Pins
000000r 2               ;
000000r 2               SNES_PORT = VIA2_PORTA
000000r 2               SNES_DDR  = VIA2_DDRA
000000r 2               
000000r 2               SNES_CLK   = VIA_P1
000000r 2               SNES_LATCH = VIA_P2
000000r 2               SNES_DATA1 = VIA_P3
000000r 2               SNES_DATA2 = VIA_P4
000000r 2               
000000r 2               
000000r 2               
000000r 2               
000000r 2               ACIA1_DATA    = __ACIA1_START__ + $00
000000r 2               ACIA1_STATUS  = __ACIA1_START__ + $01
000000r 2               ACIA1_COMMAND = __ACIA1_START__ + $02
000000r 2               ACIA1_CONTROL = __ACIA1_START__ + $03
000000r 2               
000000r 2               ; ACIA control register bit values
000000r 2               ACIA_STOP_BITS_1 = %00000000
000000r 2               ACIA_STOP_BITS_2 = %10000000
000000r 2               ACIA_DATA_BITS_8 = %00000000
000000r 2               ACIA_DATA_BITS_7 = %00100000
000000r 2               ACIA_DATA_BITS_6 = %01000000
000000r 2               ACIA_DATA_BITS_5 = %01100000
000000r 2               ACIA_CLOCK_EXT   = %00000000
000000r 2               ACIA_CLOCK_INT   = %00010000
000000r 2               ACIA_BAUD_16XEXT = %00000000
000000r 2               ACIA_BAUD_50     = %00000001
000000r 2               ACIA_BAUD_75     = %00000010
000000r 2               ACIA_BAUD_109    = %00000011
000000r 2               ACIA_BAUD_134    = %00000100
000000r 2               ACIA_BAUD_150    = %00000101
000000r 2               ACIA_BAUD_300    = %00000110
000000r 2               ACIA_BAUD_600    = %00000111
000000r 2               ACIA_BAUD_1200   = %00001000
000000r 2               ACIA_BAUD_1800   = %00001001
000000r 2               ACIA_BAUD_2400   = %00001010
000000r 2               ACIA_BAUD_3600   = %00001011
000000r 2               ACIA_BAUD_4800   = %00001100
000000r 2               ACIA_BAUD_7200   = %00001101
000000r 2               ACIA_BAUD_9600   = %00001110
000000r 2               ACIA_BAUD_19200  = %00001111
000000r 2               
000000r 2               ; ACIA command register bit values
000000r 2               ACIA_PARITY_ODD              = %00000000
000000r 2               ACIA_PARITY_EVEN             = %01000000
000000r 2               ACIA_PARITY_MARK             = %10000000
000000r 2               ACIA_PARITY_SPACE            = %11000000
000000r 2               ACIA_PARITY_DISABLE          = %00000000
000000r 2               ACIA_PARITY_ENABLE           = %00100000
000000r 2               ACIA_ECHO_DISABLE            = %00000000
000000r 2               ACIA_ECHO_ENABLE             = %00010000
000000r 2               ACIA_TX_INT_DISABLE_RTS_HIGH = %00000000
000000r 2               ACIA_TX_INT_ENABLE_RTS_LOW   = %00000100
000000r 2               ACIA_TX_INT_DISABLE_RTS_LOW  = %00001000
000000r 2               ACIA_TX_INT_DISABLE_BREAK    = %00001100
000000r 2               ACIA_RX_INT_ENABLE           = %00000000
000000r 2               ACIA_RX_INT_DISABLE          = %00000010
000000r 2               ACIA_DTR_HIGH                = %00000000
000000r 2               ACIA_DTR_LOW                 = %00000001
000000r 2               
000000r 2               ; ACIA status register bit masks
000000r 2               ACIA_STATUS_IRQ        = 1 << 7
000000r 2               ACIA_STATUS_DSR        = 1 << 6
000000r 2               ACIA_STATUS_DCD        = 1 << 5
000000r 2               ACIA_STATUS_TX_EMPTY   = 1 << 4
000000r 2               ACIA_STATUS_RX_FULL    = 1 << 3
000000r 2               ACIA_STATUS_OVERRUN    = 1 << 2
000000r 2               ACIA_STATUS_FRAME_ERR  = 1 << 1
000000r 2               ACIA_STATUS_PARITY_ERR = 1 << 0
000000r 2               
000000r 2               .endif
000000r 2               
000000r 1               .include "macros.inc"
000000r 2               
000000r 2               .ifndef MACROS_INC
000000r 2               MACROS_IN = 1
000000r 2               
000000r 2               ;
000000r 2               .macro loadptr src, dest
000000r 2                 lda #<(src)
000000r 2                 sta dest
000000r 2                 lda #>(src)
000000r 2                 sta dest + 1
000000r 2               .endmacro
000000r 2               
000000r 2               .macro copyptr111 src, dest
000000r 2                 lda src
000000r 2                 sta dest
000000r 2                 lda src + 1
000000r 2                 sta dest + 1
000000r 2               .endmacro
000000r 2               
000000r 2               
000000r 2               
000000r 2               
000000r 2               
000000r 2               
000000r 2               
000000r 2               
000000r 2               .macro copypointer fromptr, toptr
000000r 2               	.repeat 2, i
000000r 2               		lda fromptr+i
000000r 2               		sta toptr	+i
000000r 2               	.endrepeat
000000r 2               .endmacro
000000r 2               
000000r 2               .macro saveptr ptr
000000r 2               	lda ptr
000000r 2               	pha
000000r 2               	lda ptr+1
000000r 2               	pha
000000r 2               .endmacro
000000r 2               
000000r 2               .macro restoreptr ptr
000000r 2               	pla
000000r 2               	sta ptr+1
000000r 2               	pla
000000r 2               	sta ptr
000000r 2               .endmacro
000000r 2               
000000r 2               
000000r 2               .macro memcpy src, dest, n
000000r 2               		.local @l
000000r 2               		;.assert n<$80, error, "n must not >=$80"
000000r 2               		ldy #n-1
000000r 2               @l:
000000r 2               		lda src,y
000000r 2               		sta dest,y
000000r 2               		dey
000000r 2               		bpl @l
000000r 2               .endmacro
000000r 2               
000000r 2               .macro memcpy2ptr src, ptr, n
000000r 2               		.local @l
000000r 2               		;.assert n<$80, error, "n must not >=$80"
000000r 2               		ldy #n-1
000000r 2               @l:		lda src,y
000000r 2               		sta (ptr),y
000000r 2               		dey
000000r 2               		bpl @l
000000r 2               .endmacro
000000r 2               
000000r 2               .macro memset dest, value, n
000000r 2               		.local @l
000000r 2               		;.assert n<$80, error, "n must not >=$80"
000000r 2               		ldy #n-1
000000r 2               		lda #value
000000r 2               @l:		sta dest,y
000000r 2               		dey
000000r 2               		bpl @l
000000r 2               .endmacro
000000r 2               
000000r 2               .macro memclr dest, n
000000r 2               		;.assert n<$80, error, "n must not >=$80"
000000r 2               		.local @l
000000r 2               		ldx #n-1
000000r 2               @l:		stz dest,x
000000r 2               		dex
000000r 2               		bpl @l
000000r 2               .endmacro
000000r 2               
000000r 2               
000000r 2               
000000r 2               
000000r 2               
000000r 2               .macro consoleprint msg
000000r 2                   ldstr console_out_ptr, msg
000000r 2                   jsr _console_write_string
000000r 2               .endmacro
000000r 2               
000000r 2               .macro debug msg
000000r 2                   ldstr console_out_ptr, msg
000000r 2                   jsr _console_write_string
000000r 2               .endmacro
000000r 2               
000000r 2               .macro debug32 msg, addr
000000r 2                   ldstr console_out_ptr, msg
000000r 2                   jsr _console_write_string
000000r 2                   lda addr
000000r 2                   jsr _console_write_hex
000000r 2               .endmacro
000000r 2               
000000r 2               
000000r 2               
000000r 2               
000000r 2               
000000r 2               
000000r 2               .macro _incZPWord wordp
000000r 2               	inc wordp
000000r 2               	;db	0xd0, 0x02
000000r 2               	.dbyt	$d0, $02
000000r 2               	inc wordp+1
000000r 2               .endmacro
000000r 2               
000000r 2               
000000r 2               .macro _cpyZPWord worda,wordb
000000r 2               	lda worda
000000r 2               	sta wordb
000000r 2               	lda worda+1
000000r 2               	sta wordb+1
000000r 2               .endmacro
000000r 2               
000000r 2               .endif
000000r 2               
000000r 1               .include "zeropage.inc"
000000r 2               
000000r 2               .ifndef ZEROPAGE_INC
000000r 2               ZEROPAGE_INC = 1
000000r 2               
000000r 2               
000000r 2               .globalzp sp
000000r 2               .globalzp sreg
000000r 2               .globalzp regsave
000000r 2               
000000r 2               .globalzp tmp1
000000r 2               .globalzp tmp2
000000r 2               .globalzp tmp3
000000r 2               .globalzp tmp4
000000r 2               .globalzp tmp5
000000r 2               .globalzp ptr1
000000r 2               .globalzp ptr2
000000r 2               .globalzp ptr3
000000r 2               .globalzp ptr4
000000r 2               
000000r 2               .globalzp console_out_ptr
000000r 2               .globalzp lcd_out_ptr
000000r 2               .globalzp ra8875_out_ptr
000000r 2               
000000r 2               .globalzp zp_sd_address
000000r 2               .globalzp zp_sd_currentsector
000000r 2               .globalzp fat32_fatstart
000000r 2               .globalzp fat32_datastart
000000r 2               .globalzp fat32_rootcluster
000000r 2               .globalzp fat32_sectorspercluster
000000r 2               .globalzp fat32_pendingsectors
000000r 2               .globalzp fat32_address
000000r 2               .globalzp fat32_nextcluster
000000r 2               .globalzp fat32_bytesremaining
000000r 2               .globalzp fat32_errorstage
000000r 2               .globalzp fat32_filenamepointer
000000r 2               
000000r 2               
000000r 2               .globalzp DPL
000000r 2               .globalzp DPH
000000r 2               
000000r 2               .globalzp lcd_enable_pins
000000r 2               .globalzp lcd_row
000000r 2               .globalzp lcd_column
000000r 2               
000000r 2               .globalzp controller1
000000r 2               .globalzp controller2
000000r 2               
000000r 2               .globalzp spi_sr
000000r 2               .globalzp read_blkptr, write_blkptr
000000r 2               .globalzp sd_tmp
000000r 2               
000000r 2               
000000r 2               
000000r 2               
000000r 2               
000000r 2               lba_addr 		= $0280		; 4 bytes
000000r 2               blocks			= $0284		; 3 bytes blocks to read, 3 bytes sufficient to address 4GB -> 4294967296 >> 9 = 8388608 ($800000) max blocks/file
000000r 2               
000000r 2               
000000r 2               ;----------------------------------------------------------------------------
000000r 2               ; last known timestamp with date set to 1970-01-01
000000r 2               rtc_systime_t = $0300
000000r 2               
000000r 2               
000000r 2               ;----------------------------------------------------------------------------
000000r 2               ; time struct with date set to 1970-01-01
000000r 2               .struct time_t
000000r 2               		  tm_sec	.byte		;0-59
000000r 2               		  tm_min	.byte		;0-59
000000r 2               		  tm_hour	.byte		;0-23
000000r 2               		  tm_wday	.byte		;
000000r 2               		  tm_mday	.byte		;1-31
000000r 2               		  tm_mon	.byte	;1	;0-11 0-jan, 11-dec
000000r 2               		  tm_year	.byte  ;70	;years since 1900
000000r 2               .endstruct
000000r 2               
000000r 2               
000000r 2               .endif
000000r 2               
000000r 1               
000000r 1               .import delay_ms
000000r 1               .import console_is_data_available, console_write_byte, console_read_byte, console_write_string
000000r 1               
000000r 1               .export modem_receive
000000r 1               
000000r 1               ;http://6502.org/source/io/xmodem/xmodem-receive.txt
000000r 1               
000000r 1               ; Original implementation by Daryl Rictor
000000r 1               ; Slightly modified for this build (IRQ-based ACIA)
000000r 1               
000000r 1               ; Constants used
000000r 1               NULL    = $00   ; Null char
000000r 1               SOH     = $01   ; Start of Heading
000000r 1               ETX     = $03   ; End of Text
000000r 1               EOT     = $04   ; End of Transmission
000000r 1               ACK     = $06   ; Acknowledgement
000000r 1               LF      = $0a   ; Line Feed
000000r 1               CR      = $0d   ; Carriage Return
000000r 1               NAK     = $15   ; Negative Acknowledgement
000000r 1               CAN     = $18   ; Cancel
000000r 1               ESC     = $1b   ; Escape
000000r 1               SPACE   = $20   ; Space
000000r 1               DEL     = $7f   ; Delete
000000r 1               BS      = $7f   ; Backspace on Mac
000000r 1               
000000r 1               RECEIVE_BUFFER_SIZE = 140
000000r 1               
000000r 1               ; Private modem variables
000000r 1                       .zeropage
000000r 1  xx xx        crc:              .res 2
000002r 1  xx           blkno:     .res 1
000003r 1  xx           bflag: .res 1
000004r 1  xx xx        ptr:   .res 2
000006r 1  xx           delay_counter:    .res 1
000007r 1  xx           retry:    .res 1
000008r 1  xx           retry2:    .res 1
000009r 1               
000009r 1                       .code
000000r 1               modem_receive:
000000r 1               		;jsr	PrintMsg	; send prompt and info
000000r 1  A9 rr 85 rr      loadptr prompt, console_out_ptr
000004r 1  A9 rr 85 rr  
000008r 1  20 rr rr         jsr console_write_string
00000Br 1  A9 01        		lda	#$01
00000Dr 1  85 rr        		sta	blkno		; set block # to 1
00000Fr 1  85 rr        		sta	bflag		; set flag to get address from block 1
000011r 1  A9 43        StartCrc:	lda	#'C'		; "C" start with CRC mode
000013r 1  20 rr rr     		jsr	console_write_byte		; send it
000016r 1  A9 FF        		lda	#$FF
000018r 1  85 rr        		sta	retry2		; set loop counter for ~3 sec delay
00001Ar 1  A9 00        		lda	#$00
00001Cr 1  85 rr                       	sta	crc
00001Er 1  85 rr        		sta	crc+1		; init CRC value
000020r 1  20 rr rr     		jsr	GetByte		; wait for input
000023r 1  B0 11                       	bcs	GotByte		; byte received, process it
000025r 1  90 EA        		bcc	StartCrc	; resend "C"
000027r 1               
000027r 1  A9 FF        StartBlk:	lda	#$FF		;
000029r 1  85 rr        		sta	retry2		; set loop counter for ~3 sec delay
00002Br 1  A9 00        		lda	#$00		;
00002Dr 1  85 rr        		sta	crc		;
00002Fr 1  85 rr        		sta	crc+1		; init CRC value
000031r 1  20 rr rr     		jsr	GetByte		; get first byte of block
000034r 1  90 F1        		bcc	StartBlk	; timed out, keep waiting...
000036r 1  C9 1B        GotByte:		cmp	#ESC		; quitting?
000038r 1  D0 01                        bne	GotByte1	; no
00003Ar 1               ;		lda	#$FE		; Error code in "A" of desired
00003Ar 1  00                           brk			; YES - do BRK or change to RTS if desired
00003Br 1  C9 01        GotByte1:        cmp	#SOH		; start of block?
00003Dr 1  F0 07        		beq	BegBlk		; yes
00003Fr 1  C9 04        		cmp	#EOT		;
000041r 1  D0 61        		bne	BadCrc		; Not SOH or EOT, so flush buffer & send NAK
000043r 1  4C rr rr     		jmp	Done		; EOT - all done!
000046r 1  A2 00        BegBlk:		ldx	#$00
000048r 1  A9 FF        GetBlk:		lda	#$ff		; 3 sec window to receive characters
00004Ar 1  85 rr        		sta 	retry2		;
00004Cr 1  20 rr rr     GetBlk1:		jsr	GetByte		; get next character
00004Fr 1  90 53        		bcc	BadCrc		; chr rcv error, flush and send NAK
000051r 1  9D rr rr     GetBlk2:		sta	Rbuff,x		; good char, save it in the rcv buffer
000054r 1  E8           		inx			; inc buffer pointer
000055r 1  E0 84        		cpx	#$84		; <01> <FE> <128 bytes> <CRCH> <CRCL>
000057r 1  D0 EF        		bne	GetBlk		; get 132 characters
000059r 1  A2 00        		ldx	#$00		;
00005Br 1  BD rr rr     		lda	Rbuff,x		; get block # from buffer
00005Er 1  C5 rr        		cmp	blkno		; compare to expected block #
000060r 1  F0 0F        		beq	GoodBlk1	; matched!
000062r 1               		;jsr	Print_Err	; Unexpected block number - abort
000062r 1  A9 rr 85 rr      loadptr error_message, console_out_ptr
000066r 1  A9 rr 85 rr  
00006Ar 1  20 rr rr         jsr console_write_string
00006Dr 1  20 rr rr     		jsr	Flush		; mismatched - flush buffer and then do BRK
000070r 1               ;		lda	#$FD		; put error code in "A" if desired
000070r 1  00           		brk			; unexpected block # - fatal error - BRK or RTS
000071r 1  49 FF        GoodBlk1:	eor	#$ff		; 1's comp of block #
000073r 1  E8           		inx			;
000074r 1  DD rr rr     		cmp	Rbuff,x		; compare with expected 1's comp of block #
000077r 1  F0 0F        		beq	GoodBlk2 	; matched!
000079r 1               		;jsr	Print_Err	; Unexpected block number - abort
000079r 1  A9 rr 85 rr      loadptr error_message, console_out_ptr
00007Dr 1  A9 rr 85 rr  
000081r 1  20 rr rr         jsr console_write_string
000084r 1  20 rr rr     		jsr 	Flush		; mismatched - flush buffer and then do BRK
000087r 1               ;		lda	#$FC		; put error code in "A" if desired
000087r 1  00           		brk			; bad 1's comp of block#
000088r 1  A0 02        GoodBlk2:	ldy	#$02		;
00008Ar 1  B9 rr rr     CalcCrc:		lda	Rbuff,y		; calculate the CRC for the 128 bytes of data
00008Dr 1  20 rr rr     		jsr	UpdCrc		; could inline sub here for speed
000090r 1  C8           		iny			;
000091r 1  C0 82        		cpy	#$82		; 128 bytes
000093r 1  D0 F5        		bne	CalcCrc		;
000095r 1  B9 rr rr     		lda	Rbuff,y		; get hi CRC from buffer
000098r 1  C5 rr        		cmp	crc+1		; compare to calculated hi CRC
00009Ar 1  D0 08        		bne	BadCrc		; bad crc, send NAK
00009Cr 1  C8           		iny			;
00009Dr 1  B9 rr rr     		lda	Rbuff,y		; get lo CRC from buffer
0000A0r 1  C5 rr        		cmp	crc		; compare to calculated lo CRC
0000A2r 1  F0 0B        		beq	GoodCrc		; good CRC
0000A4r 1  20 rr rr     BadCrc:		jsr	Flush		; flush the input port
0000A7r 1  A9 15        		lda	#NAK		;
0000A9r 1  20 rr rr     		jsr	console_write_byte		; send NAK to resend block
0000ACr 1  4C rr rr     		jmp	StartBlk	; start over, get the block again
0000AFr 1  A2 02        GoodCrc:		ldx	#$02		;
0000B1r 1  A5 rr        		lda	blkno		; get the block number
0000B3r 1  C9 01        		cmp	#$01		; 1st block?
0000B5r 1  D0 12        		bne	CopyBlk		; no, copy all 128 bytes
0000B7r 1  A5 rr        		lda	bflag		; is it really block 1, not block 257, 513 etc.
0000B9r 1  F0 0E        		beq	CopyBlk		; no, copy all 128 bytes
0000BBr 1  BD rr rr     		lda	Rbuff,x		; get target address from 1st 2 bytes of blk 1
0000BEr 1  85 rr        		sta	ptr		; save lo address
0000C0r 1  E8           		inx			;
0000C1r 1  BD rr rr     		lda	Rbuff,x		; get hi address
0000C4r 1  85 rr        		sta	ptr+1		; save it
0000C6r 1  E8           		inx			; point to first byte of data
0000C7r 1  C6 rr        		dec	bflag		; set the flag so we won't get another address
0000C9r 1  A0 00        CopyBlk:		ldy	#$00		; set offset to zero
0000CBr 1  BD rr rr     CopyBlk3:	lda	Rbuff,x		; get data byte from buffer
0000CEr 1  91 rr        		sta	(ptr),y		; save to target
0000D0r 1  E6 rr        		inc	ptr		; point to next address
0000D2r 1  D0 02        		bne	CopyBlk4	; did it step over page boundary?
0000D4r 1  E6 rr        		inc	ptr+1		; adjust high address for page crossing
0000D6r 1  E8           CopyBlk4:	inx			; point to next data byte
0000D7r 1  E0 82        		cpx	#$82		; is it the last byte
0000D9r 1  D0 F0        		bne	CopyBlk3	; no, get the next one
0000DBr 1  E6 rr        IncBlk:		inc	blkno		; done.  Inc the block #
0000DDr 1  A9 06        		lda	#ACK		; send ACK
0000DFr 1  20 rr rr     		jsr	console_write_byte		;
0000E2r 1  4C rr rr     		jmp	StartBlk	; get next block
0000E5r 1  A9 06        Done:		lda	#ACK		; last block, send ACK and exit.
0000E7r 1  20 rr rr     		jsr	console_write_byte		;
0000EAr 1  20 rr rr     		jsr	Flush		; get leftover characters, if any
0000EDr 1               		;jsr	Print_Good	;
0000EDr 1  A9 rr 85 rr      loadptr success_message, console_out_ptr
0000F1r 1  A9 rr 85 rr  
0000F5r 1  20 rr rr         jsr console_write_string
0000F8r 1  60           		rts			;
0000F9r 1               ;
0000F9r 1               ;^^^^^^^^^^^^^^^^^^^^^^^^^^^^^^^^^^^^^^^^^^^^^^^^^^^^^^^^^^^^^^^^^^^^^^^
0000F9r 1               ;
0000F9r 1               ; subroutines
0000F9r 1               ;
0000F9r 1               ;					;
0000F9r 1  A9 00        GetByte:		lda	#$00		; wait for chr input and cycle timing loop
0000FBr 1  85 rr        		sta	retry		; set low value of timing loop
0000FDr 1  20 rr rr     StartCrcLp:	jsr	Get_Chr		; get chr from serial port, don't wait
000100r 1  B0 09        		bcs	GetByte1	; got one, so exit
000102r 1  C6 rr        		dec	retry		; no character received, so dec counter
000104r 1  D0 F7        		bne	StartCrcLp	;
000106r 1  C6 rr        		dec	retry2		; dec hi byte of counter
000108r 1  D0 F3        		bne	StartCrcLp	; look for character again
00010Ar 1  18           		clc			; if loop times out, CLC, else SEC and return
00010Br 1  60           GetByte1:	rts			; with character in "A"
00010Cr 1               ;
00010Cr 1  A9 70        Flush:		lda	#$70		; flush receive buffer
00010Er 1  85 rr        		sta	retry2		; flush until empty for ~1 sec.
000110r 1  20 rr rr     Flush1:		jsr	GetByte		; read the port
000113r 1  B0 F7        		bcs	Flush		; if chr recvd, wait for another
000115r 1  60           		rts			; else done
000116r 1               ;
000116r 1  45 rr        UpdCrc:		eor 	crc+1 		; Quick CRC computation with lookup tables
000118r 1  AA                  		tax		 	; updates the two bytes at crc & crc+1
000119r 1  A5 rr               		lda 	crc		; with the byte send in the "A" register
00011Br 1  5D rr rr            		eor 	crchi,X
00011Er 1  85 rr               		sta 	crc+1
000120r 1  BD rr rr           	 	lda 	crclo,X
000123r 1  85 rr               		sta 	crc
000125r 1  60                  		rts
000126r 1               
000126r 1  18           Get_Chr:		clc			; no chr present
000127r 1  AD rr rr                    	lda	ACIA1_STATUS     ; get Serial port status
00012Ar 1  29 08                       	and	#$08            ; mask rcvr full bit
00012Cr 1  F0 04                      	beq	Get_Chr2	; if not chr, done
00012Er 1  AD rr rr                    	Lda	ACIA1_DATA       ; else get chr
000131r 1  38           	       	sec			; and set the Carry Flag
000132r 1  60           Get_Chr2:    	rts			; done
000133r 1               
000133r 1               
000133r 1                       .segment "BSS"
000000r 1               Rbuff:
000000r 1  xx xx xx xx          .res RECEIVE_BUFFER_SIZE
000004r 1  xx xx xx xx  
000008r 1  xx xx xx xx  
00008Cr 1               
00008Cr 1                       .segment "RODATA"
000000r 1               prompt:
000000r 1  42 65 67 69          .byte "Begin XMODEM/CRC transfer.  Press <Esc> to abort...", CR, LF, $00
000004r 1  6E 20 58 4D  
000008r 1  4F 44 45 4D  
000036r 1               
000036r 1               error_message:
000036r 1  54 72 61 6E          .byte "Transfer Error!", CR, LF, $00
00003Ar 1  73 66 65 72  
00003Er 1  20 45 72 72  
000048r 1               
000048r 1               success_message:
000048r 1  04 0D 0A             .byte EOT, CR, LF
00004Br 1  54 72 61 6E          .byte "Transfer Successful!", CR, LF, $00
00004Fr 1  73 66 65 72  
000053r 1  20 53 75 63  
000062r 1               
000062r 1               ; The following tables are used to calculate the CRC for the 128 bytes
000062r 1               ; in the xmodem data blocks.  You can use these tables if you plan to
000062r 1               ; store this program in ROM.  If you choose to build them at run-time,
000062r 1               ; then just delete them and define the two labels: crclo & crchi.
000062r 1               ;
000062r 1  xx xx xx xx          .align 256
000066r 1  xx xx xx xx  
00006Ar 1  xx xx xx xx  
000100r 1               ; low byte CRC lookup table (should be page aligned)
000100r 1  00 21 42 63  crclo:  .byte $00,$21,$42,$63,$84,$A5,$C6,$E7,$08,$29,$4A,$6B,$8C,$AD,$CE,$EF
000104r 1  84 A5 C6 E7  
000108r 1  08 29 4A 6B  
000110r 1  31 10 73 52          .byte $31,$10,$73,$52,$B5,$94,$F7,$D6,$39,$18,$7B,$5A,$BD,$9C,$FF,$DE
000114r 1  B5 94 F7 D6  
000118r 1  39 18 7B 5A  
000120r 1  62 43 20 01          .byte $62,$43,$20,$01,$E6,$C7,$A4,$85,$6A,$4B,$28,$09,$EE,$CF,$AC,$8D
000124r 1  E6 C7 A4 85  
000128r 1  6A 4B 28 09  
000130r 1  53 72 11 30          .byte $53,$72,$11,$30,$D7,$F6,$95,$B4,$5B,$7A,$19,$38,$DF,$FE,$9D,$BC
000134r 1  D7 F6 95 B4  
000138r 1  5B 7A 19 38  
000140r 1  C4 E5 86 A7          .byte $C4,$E5,$86,$A7,$40,$61,$02,$23,$CC,$ED,$8E,$AF,$48,$69,$0A,$2B
000144r 1  40 61 02 23  
000148r 1  CC ED 8E AF  
000150r 1  F5 D4 B7 96          .byte $F5,$D4,$B7,$96,$71,$50,$33,$12,$FD,$DC,$BF,$9E,$79,$58,$3B,$1A
000154r 1  71 50 33 12  
000158r 1  FD DC BF 9E  
000160r 1  A6 87 E4 C5          .byte $A6,$87,$E4,$C5,$22,$03,$60,$41,$AE,$8F,$EC,$CD,$2A,$0B,$68,$49
000164r 1  22 03 60 41  
000168r 1  AE 8F EC CD  
000170r 1  97 B6 D5 F4          .byte $97,$B6,$D5,$F4,$13,$32,$51,$70,$9F,$BE,$DD,$FC,$1B,$3A,$59,$78
000174r 1  13 32 51 70  
000178r 1  9F BE DD FC  
000180r 1  88 A9 CA EB          .byte $88,$A9,$CA,$EB,$0C,$2D,$4E,$6F,$80,$A1,$C2,$E3,$04,$25,$46,$67
000184r 1  0C 2D 4E 6F  
000188r 1  80 A1 C2 E3  
000190r 1  B9 98 FB DA          .byte $B9,$98,$FB,$DA,$3D,$1C,$7F,$5E,$B1,$90,$F3,$D2,$35,$14,$77,$56
000194r 1  3D 1C 7F 5E  
000198r 1  B1 90 F3 D2  
0001A0r 1  EA CB A8 89          .byte $EA,$CB,$A8,$89,$6E,$4F,$2C,$0D,$E2,$C3,$A0,$81,$66,$47,$24,$05
0001A4r 1  6E 4F 2C 0D  
0001A8r 1  E2 C3 A0 81  
0001B0r 1  DB FA 99 B8          .byte $DB,$FA,$99,$B8,$5F,$7E,$1D,$3C,$D3,$F2,$91,$B0,$57,$76,$15,$34
0001B4r 1  5F 7E 1D 3C  
0001B8r 1  D3 F2 91 B0  
0001C0r 1  4C 6D 0E 2F          .byte $4C,$6D,$0E,$2F,$C8,$E9,$8A,$AB,$44,$65,$06,$27,$C0,$E1,$82,$A3
0001C4r 1  C8 E9 8A AB  
0001C8r 1  44 65 06 27  
0001D0r 1  7D 5C 3F 1E          .byte $7D,$5C,$3F,$1E,$F9,$D8,$BB,$9A,$75,$54,$37,$16,$F1,$D0,$B3,$92
0001D4r 1  F9 D8 BB 9A  
0001D8r 1  75 54 37 16  
0001E0r 1  2E 0F 6C 4D          .byte $2E,$0F,$6C,$4D,$AA,$8B,$E8,$C9,$26,$07,$64,$45,$A2,$83,$E0,$C1
0001E4r 1  AA 8B E8 C9  
0001E8r 1  26 07 64 45  
0001F0r 1  1F 3E 5D 7C          .byte $1F,$3E,$5D,$7C,$9B,$BA,$D9,$F8,$17,$36,$55,$74,$93,$B2,$D1,$F0
0001F4r 1  9B BA D9 F8  
0001F8r 1  17 36 55 74  
000200r 1               
000200r 1                       .align 256
000200r 1               ; hi byte CRC lookup table (should be page aligned)
000200r 1  00 10 20 30  crchi:  .byte $00,$10,$20,$30,$40,$50,$60,$70,$81,$91,$A1,$B1,$C1,$D1,$E1,$F1
000204r 1  40 50 60 70  
000208r 1  81 91 A1 B1  
000210r 1  12 02 32 22          .byte $12,$02,$32,$22,$52,$42,$72,$62,$93,$83,$B3,$A3,$D3,$C3,$F3,$E3
000214r 1  52 42 72 62  
000218r 1  93 83 B3 A3  
000220r 1  24 34 04 14          .byte $24,$34,$04,$14,$64,$74,$44,$54,$A5,$B5,$85,$95,$E5,$F5,$C5,$D5
000224r 1  64 74 44 54  
000228r 1  A5 B5 85 95  
000230r 1  36 26 16 06          .byte $36,$26,$16,$06,$76,$66,$56,$46,$B7,$A7,$97,$87,$F7,$E7,$D7,$C7
000234r 1  76 66 56 46  
000238r 1  B7 A7 97 87  
000240r 1  48 58 68 78          .byte $48,$58,$68,$78,$08,$18,$28,$38,$C9,$D9,$E9,$F9,$89,$99,$A9,$B9
000244r 1  08 18 28 38  
000248r 1  C9 D9 E9 F9  
000250r 1  5A 4A 7A 6A          .byte $5A,$4A,$7A,$6A,$1A,$0A,$3A,$2A,$DB,$CB,$FB,$EB,$9B,$8B,$BB,$AB
000254r 1  1A 0A 3A 2A  
000258r 1  DB CB FB EB  
000260r 1  6C 7C 4C 5C          .byte $6C,$7C,$4C,$5C,$2C,$3C,$0C,$1C,$ED,$FD,$CD,$DD,$AD,$BD,$8D,$9D
000264r 1  2C 3C 0C 1C  
000268r 1  ED FD CD DD  
000270r 1  7E 6E 5E 4E          .byte $7E,$6E,$5E,$4E,$3E,$2E,$1E,$0E,$FF,$EF,$DF,$CF,$BF,$AF,$9F,$8F
000274r 1  3E 2E 1E 0E  
000278r 1  FF EF DF CF  
000280r 1  91 81 B1 A1          .byte $91,$81,$B1,$A1,$D1,$C1,$F1,$E1,$10,$00,$30,$20,$50,$40,$70,$60
000284r 1  D1 C1 F1 E1  
000288r 1  10 00 30 20  
000290r 1  83 93 A3 B3          .byte $83,$93,$A3,$B3,$C3,$D3,$E3,$F3,$02,$12,$22,$32,$42,$52,$62,$72
000294r 1  C3 D3 E3 F3  
000298r 1  02 12 22 32  
0002A0r 1  B5 A5 95 85          .byte $B5,$A5,$95,$85,$F5,$E5,$D5,$C5,$34,$24,$14,$04,$74,$64,$54,$44
0002A4r 1  F5 E5 D5 C5  
0002A8r 1  34 24 14 04  
0002B0r 1  A7 B7 87 97          .byte $A7,$B7,$87,$97,$E7,$F7,$C7,$D7,$26,$36,$06,$16,$66,$76,$46,$56
0002B4r 1  E7 F7 C7 D7  
0002B8r 1  26 36 06 16  
0002C0r 1  D9 C9 F9 E9          .byte $D9,$C9,$F9,$E9,$99,$89,$B9,$A9,$58,$48,$78,$68,$18,$08,$38,$28
0002C4r 1  99 89 B9 A9  
0002C8r 1  58 48 78 68  
0002D0r 1  CB DB EB FB          .byte $CB,$DB,$EB,$FB,$8B,$9B,$AB,$BB,$4A,$5A,$6A,$7A,$0A,$1A,$2A,$3A
0002D4r 1  8B 9B AB BB  
0002D8r 1  4A 5A 6A 7A  
0002E0r 1  FD ED DD CD          .byte $FD,$ED,$DD,$CD,$BD,$AD,$9D,$8D,$7C,$6C,$5C,$4C,$3C,$2C,$1C,$0C
0002E4r 1  BD AD 9D 8D  
0002E8r 1  7C 6C 5C 4C  
0002F0r 1  EF FF CF DF          .byte $EF,$FF,$CF,$DF,$AF,$BF,$8F,$9F,$6E,$7E,$4E,$5E,$2E,$3E,$0E,$1E
0002F4r 1  AF BF 8F 9F  
0002F8r 1  6E 7E 4E 5E  
0002FFr 1               
