ca65 V2.19 - Git cc3c40c
Main file   : main.s
Current file: main.s

000000r 1               .setcpu "65C02"
000000r 1               
000000r 1               .include "zeropage.inc"
000000r 2               
000000r 2               .ifndef ZEROPAGE_INC
000000r 2               ZEROPAGE_INC = 1
000000r 2               
000000r 2               
000000r 2               .globalzp sp
000000r 2               .globalzp sreg
000000r 2               .globalzp regsave
000000r 2               
000000r 2               .globalzp tmp1
000000r 2               .globalzp tmp2
000000r 2               .globalzp tmp3
000000r 2               .globalzp tmp4
000000r 2               .globalzp tmp5
000000r 2               .globalzp ptr1
000000r 2               .globalzp ptr2
000000r 2               .globalzp ptr3
000000r 2               .globalzp ptr4
000000r 2               
000000r 2               .globalzp console_out_ptr
000000r 2               .globalzp lcd_out_ptr
000000r 2               .globalzp ra8875_out_ptr
000000r 2               
000000r 2               .globalzp zp_sd_address
000000r 2               .globalzp zp_sd_currentsector
000000r 2               .globalzp fat32_fatstart
000000r 2               .globalzp fat32_datastart
000000r 2               .globalzp fat32_rootcluster
000000r 2               .globalzp fat32_sectorspercluster
000000r 2               .globalzp fat32_pendingsectors
000000r 2               .globalzp fat32_address
000000r 2               .globalzp fat32_nextcluster
000000r 2               .globalzp fat32_bytesremaining
000000r 2               .globalzp fat32_errorstage
000000r 2               .globalzp fat32_filenamepointer
000000r 2               
000000r 2               
000000r 2               .globalzp DPL
000000r 2               .globalzp DPH
000000r 2               
000000r 2               .globalzp lcd_enable_pins
000000r 2               .globalzp lcd_row
000000r 2               .globalzp lcd_column
000000r 2               
000000r 2               .globalzp controller1
000000r 2               .globalzp controller2
000000r 2               
000000r 2               .globalzp spi_sr
000000r 2               .globalzp read_blkptr, write_blkptr
000000r 2               .globalzp sd_tmp
000000r 2               
000000r 2               
000000r 2               
000000r 2               
000000r 2               
000000r 2               lba_addr 		= $0280		; 4 bytes
000000r 2               blocks			= $0284		; 3 bytes blocks to read, 3 bytes sufficient to address 4GB -> 4294967296 >> 9 = 8388608 ($800000) max blocks/file
000000r 2               
000000r 2               
000000r 2               ;----------------------------------------------------------------------------
000000r 2               ; last known timestamp with date set to 1970-01-01
000000r 2               rtc_systime_t = $0300
000000r 2               
000000r 2               
000000r 2               ;----------------------------------------------------------------------------
000000r 2               ; time struct with date set to 1970-01-01
000000r 2               .struct time_t
000000r 2               		  tm_sec	.byte		;0-59
000000r 2               		  tm_min	.byte		;0-59
000000r 2               		  tm_hour	.byte		;0-23
000000r 2               		  tm_wday	.byte		;
000000r 2               		  tm_mday	.byte		;1-31
000000r 2               		  tm_mon	.byte	;1	;0-11 0-jan, 11-dec
000000r 2               		  tm_year	.byte  ;70	;years since 1900
000000r 2               .endstruct
000000r 2               
000000r 2               
000000r 2               .endif
000000r 2               
000000r 1               .include "io.inc"
000000r 2               
000000r 2               .ifndef IO_INC
000000r 2               IO_INC = 1
000000r 2               
000000r 2               ;https://github.com/grappendorf/homecomputer-6502/blob/748c43e96795b9f0a5946ac8117e01654bb7794e/firmware/io.inc65
000000r 2               ;https://github.com/peternoyes/dodo/tree/master/src
000000r 2               
000000r 2               .import __VIA1_START__
000000r 2               .import __VIA2_START__
000000r 2               .import __ACIA1_START__
000000r 2               
000000r 2               VIA1_PORTB = __VIA1_START__ + 0
000000r 2               VIA1_PORTA = __VIA1_START__ + 1
000000r 2               VIA1_DDRB  = __VIA1_START__ + 2
000000r 2               VIA1_DDRA  = __VIA1_START__ + 3
000000r 2               VIA1_T1CL  = __VIA1_START__ + 4
000000r 2               VIA1_T1CH  = __VIA1_START__ + 5
000000r 2               VIA1_T1LL  = __VIA1_START__ + 6
000000r 2               VIA1_T1LH  = __VIA1_START__ + 7
000000r 2               VIA1_T2CL  = __VIA1_START__ + 8
000000r 2               VIA1_T2CH  = __VIA1_START__ + 9
000000r 2               VIA1_SR    = __VIA1_START__ + 10
000000r 2               VIA1_ACR   = __VIA1_START__ + 11
000000r 2               VIA1_PCR   = __VIA1_START__ + 12
000000r 2               VIA1_IFR   = __VIA1_START__ + 13
000000r 2               VIA1_IER   = __VIA1_START__ + 14
000000r 2               VIA1_PANH  = __VIA1_START__ + 15
000000r 2               
000000r 2               VIA2_PORTB = __VIA2_START__ + 0
000000r 2               VIA2_PORTA = __VIA2_START__ + 1
000000r 2               VIA2_DDRB  = __VIA2_START__ + 2
000000r 2               VIA2_DDRA  = __VIA2_START__ + 3
000000r 2               VIA2_T1CL  = __VIA2_START__ + 4
000000r 2               VIA2_T1CH  = __VIA2_START__ + 5
000000r 2               VIA2_T1LL  = __VIA2_START__ + 6
000000r 2               VIA2_T1LH  = __VIA2_START__ + 7
000000r 2               VIA2_T2CL  = __VIA2_START__ + 8
000000r 2               VIA2_T2CH  = __VIA2_START__ + 9
000000r 2               VIA2_SR    = __VIA2_START__ + 10
000000r 2               VIA2_ACR   = __VIA2_START__ + 11
000000r 2               VIA2_PCR   = __VIA2_START__ + 12
000000r 2               VIA2_IFR   = __VIA2_START__ + 13
000000r 2               VIA2_IER   = __VIA2_START__ + 14
000000r 2               VIA2_PANH  = __VIA2_START__ + 15
000000r 2               
000000r 2               ; Port bits
000000r 2               VIA_P0 = 1 << 0
000000r 2               VIA_P1 = 1 << 1
000000r 2               VIA_P2 = 1 << 2
000000r 2               VIA_P3 = 1 << 3
000000r 2               VIA_P4 = 1 << 4
000000r 2               VIA_P5 = 1 << 5
000000r 2               VIA_P6 = 1 << 6
000000r 2               VIA_P7 = 1 << 7
000000r 2               
000000r 2               
000000r 2               ;
000000r 2               ; LED Ports and Pins
000000r 2               ;
000000r 2               LED_PORT  = VIA2_PORTA
000000r 2               PIN_LED = VIA_P0
000000r 2               
000000r 2               ;
000000r 2               ; LCD Port and Pins
000000r 2               ;
000000r 2               .if lcd_type=20
000000r 2                 ; built in 20x4
000000r 2                 LCD_DDR  = VIA2_DDRA
000000r 2                 LCD_PORT = VIA2_PORTA
000000r 2               .elseif lcd_type=40
000000r 2                 ; test 40x4
000000r 2                 LCD_DDR  = VIA1_DDRA
000000r 2                 LCD_PORT = VIA1_PORTA
000000r 2               .endif
000000r 2               
000000r 2               LCD_E2 = VIA_P0
000000r 2               LCD_RS = VIA_P1
000000r 2               LCD_RW = VIA_P2
000000r 2               LCD_E1 = VIA_P3
000000r 2               LCD_D4 = VIA_P4
000000r 2               LCD_D5 = VIA_P5
000000r 2               LCD_D6 = VIA_P6
000000r 2               LCD_D7 = VIA_P7
000000r 2               
000000r 2               
000000r 2               ;
000000r 2               ; PS/2 Ports and Pins
000000r 2               ;
000000r 2               PS2_PORT = VIA2_PORTA
000000r 2               PS2_DDR  = VIA2_DDRA
000000r 2               
000000r 2               PS2_CLK  = VIA_P6
000000r 2               PS2_DATA = VIA_P7
000000r 2               
000000r 2               
000000r 2               ;
000000r 2               ; SPI Ports and Pins
000000r 2               ;
000000r 2               SPI_PORT = VIA2_PORTB
000000r 2               SPI_DDR  = VIA2_DDRB
000000r 2               SPI_SR   = VIA2_SR
000000r 2               SPI_ACR  = VIA2_ACR
000000r 2               
000000r 2               spi_device_sdcard	  = %00011100 ;spi device number 1110??? (SPI_SS1)
000000r 2               spi_device_ra8875   = %00011010 ;spi device number 1101??? (SPI_SS2)
000000r 2               spi_device_rtc	  	= %00010110 ;spi device number 1011??? (SPI_SS3)
000000r 2               spi_device_deselect = %00011110 ; deselect any device
000000r 2               SDCARD_DETECT			= VIA_P6
000000r 2               
000000r 2               
000000r 2               ;
000000r 2               ; SNES Ports and Pins
000000r 2               ;
000000r 2               SNES_PORT = VIA2_PORTA
000000r 2               SNES_DDR  = VIA2_DDRA
000000r 2               
000000r 2               SNES_CLK   = VIA_P1
000000r 2               SNES_LATCH = VIA_P2
000000r 2               SNES_DATA1 = VIA_P3
000000r 2               SNES_DATA2 = VIA_P4
000000r 2               
000000r 2               
000000r 2               
000000r 2               
000000r 2               ACIA1_DATA    = __ACIA1_START__ + $00
000000r 2               ACIA1_STATUS  = __ACIA1_START__ + $01
000000r 2               ACIA1_COMMAND = __ACIA1_START__ + $02
000000r 2               ACIA1_CONTROL = __ACIA1_START__ + $03
000000r 2               
000000r 2               ; ACIA control register bit values
000000r 2               ACIA_STOP_BITS_1 = %00000000
000000r 2               ACIA_STOP_BITS_2 = %10000000
000000r 2               ACIA_DATA_BITS_8 = %00000000
000000r 2               ACIA_DATA_BITS_7 = %00100000
000000r 2               ACIA_DATA_BITS_6 = %01000000
000000r 2               ACIA_DATA_BITS_5 = %01100000
000000r 2               ACIA_CLOCK_EXT   = %00000000
000000r 2               ACIA_CLOCK_INT   = %00010000
000000r 2               ACIA_BAUD_16XEXT = %00000000
000000r 2               ACIA_BAUD_50     = %00000001
000000r 2               ACIA_BAUD_75     = %00000010
000000r 2               ACIA_BAUD_109    = %00000011
000000r 2               ACIA_BAUD_134    = %00000100
000000r 2               ACIA_BAUD_150    = %00000101
000000r 2               ACIA_BAUD_300    = %00000110
000000r 2               ACIA_BAUD_600    = %00000111
000000r 2               ACIA_BAUD_1200   = %00001000
000000r 2               ACIA_BAUD_1800   = %00001001
000000r 2               ACIA_BAUD_2400   = %00001010
000000r 2               ACIA_BAUD_3600   = %00001011
000000r 2               ACIA_BAUD_4800   = %00001100
000000r 2               ACIA_BAUD_7200   = %00001101
000000r 2               ACIA_BAUD_9600   = %00001110
000000r 2               ACIA_BAUD_19200  = %00001111
000000r 2               
000000r 2               ; ACIA command register bit values
000000r 2               ACIA_PARITY_ODD              = %00000000
000000r 2               ACIA_PARITY_EVEN             = %01000000
000000r 2               ACIA_PARITY_MARK             = %10000000
000000r 2               ACIA_PARITY_SPACE            = %11000000
000000r 2               ACIA_PARITY_DISABLE          = %00000000
000000r 2               ACIA_PARITY_ENABLE           = %00100000
000000r 2               ACIA_ECHO_DISABLE            = %00000000
000000r 2               ACIA_ECHO_ENABLE             = %00010000
000000r 2               ACIA_TX_INT_DISABLE_RTS_HIGH = %00000000
000000r 2               ACIA_TX_INT_ENABLE_RTS_LOW   = %00000100
000000r 2               ACIA_TX_INT_DISABLE_RTS_LOW  = %00001000
000000r 2               ACIA_TX_INT_DISABLE_BREAK    = %00001100
000000r 2               ACIA_RX_INT_ENABLE           = %00000000
000000r 2               ACIA_RX_INT_DISABLE          = %00000010
000000r 2               ACIA_DTR_HIGH                = %00000000
000000r 2               ACIA_DTR_LOW                 = %00000001
000000r 2               
000000r 2               ; ACIA status register bit masks
000000r 2               ACIA_STATUS_IRQ        = 1 << 7
000000r 2               ACIA_STATUS_DSR        = 1 << 6
000000r 2               ACIA_STATUS_DCD        = 1 << 5
000000r 2               ACIA_STATUS_TX_EMPTY   = 1 << 4
000000r 2               ACIA_STATUS_RX_FULL    = 1 << 3
000000r 2               ACIA_STATUS_OVERRUN    = 1 << 2
000000r 2               ACIA_STATUS_FRAME_ERR  = 1 << 1
000000r 2               ACIA_STATUS_PARITY_ERR = 1 << 0
000000r 2               
000000r 2               .endif
000000r 2               
000000r 1               .include "macros.inc"
000000r 2               
000000r 2               .ifndef MACROS_INC
000000r 2               MACROS_IN = 1
000000r 2               
000000r 2               ;
000000r 2               .macro loadptr src, dest
000000r 2                 lda #<(src)
000000r 2                 sta dest
000000r 2                 lda #>(src)
000000r 2                 sta dest + 1
000000r 2               .endmacro
000000r 2               
000000r 2               .macro copyptr111 src, dest
000000r 2                 lda src
000000r 2                 sta dest
000000r 2                 lda src + 1
000000r 2                 sta dest + 1
000000r 2               .endmacro
000000r 2               
000000r 2               
000000r 2               
000000r 2               
000000r 2               
000000r 2               
000000r 2               
000000r 2               
000000r 2               .macro copypointer fromptr, toptr
000000r 2               	.repeat 2, i
000000r 2               		lda fromptr+i
000000r 2               		sta toptr	+i
000000r 2               	.endrepeat
000000r 2               .endmacro
000000r 2               
000000r 2               .macro saveptr ptr
000000r 2               	lda ptr
000000r 2               	pha
000000r 2               	lda ptr+1
000000r 2               	pha
000000r 2               .endmacro
000000r 2               
000000r 2               .macro restoreptr ptr
000000r 2               	pla
000000r 2               	sta ptr+1
000000r 2               	pla
000000r 2               	sta ptr
000000r 2               .endmacro
000000r 2               
000000r 2               
000000r 2               .macro memcpy src, dest, n
000000r 2               		.local @l
000000r 2               		;.assert n<$80, error, "n must not >=$80"
000000r 2               		ldy #n-1
000000r 2               @l:
000000r 2               		lda src,y
000000r 2               		sta dest,y
000000r 2               		dey
000000r 2               		bpl @l
000000r 2               .endmacro
000000r 2               
000000r 2               .macro memcpy2ptr src, ptr, n
000000r 2               		.local @l
000000r 2               		;.assert n<$80, error, "n must not >=$80"
000000r 2               		ldy #n-1
000000r 2               @l:		lda src,y
000000r 2               		sta (ptr),y
000000r 2               		dey
000000r 2               		bpl @l
000000r 2               .endmacro
000000r 2               
000000r 2               .macro memset dest, value, n
000000r 2               		.local @l
000000r 2               		;.assert n<$80, error, "n must not >=$80"
000000r 2               		ldy #n-1
000000r 2               		lda #value
000000r 2               @l:		sta dest,y
000000r 2               		dey
000000r 2               		bpl @l
000000r 2               .endmacro
000000r 2               
000000r 2               .macro memclr dest, n
000000r 2               		;.assert n<$80, error, "n must not >=$80"
000000r 2               		.local @l
000000r 2               		ldx #n-1
000000r 2               @l:		stz dest,x
000000r 2               		dex
000000r 2               		bpl @l
000000r 2               .endmacro
000000r 2               
000000r 2               
000000r 2               
000000r 2               
000000r 2               
000000r 2               .macro consoleprint msg
000000r 2                   ldstr console_out_ptr, msg
000000r 2                   jsr _console_write_string
000000r 2               .endmacro
000000r 2               
000000r 2               .macro debug msg
000000r 2                   ldstr console_out_ptr, msg
000000r 2                   jsr _console_write_string
000000r 2               .endmacro
000000r 2               
000000r 2               .macro debug32 msg, addr
000000r 2                   ldstr console_out_ptr, msg
000000r 2                   jsr _console_write_string
000000r 2                   lda addr
000000r 2                   jsr _console_write_hex
000000r 2               .endmacro
000000r 2               
000000r 2               
000000r 2               
000000r 2               
000000r 2               
000000r 2               
000000r 2               .macro _incZPWord wordp
000000r 2               	inc wordp
000000r 2               	;db	0xd0, 0x02
000000r 2               	.dbyt	$d0, $02
000000r 2               	inc wordp+1
000000r 2               .endmacro
000000r 2               
000000r 2               
000000r 2               .macro _cpyZPWord worda,wordb
000000r 2               	lda worda
000000r 2               	sta wordb
000000r 2               	lda worda+1
000000r 2               	sta wordb+1
000000r 2               .endmacro
000000r 2               
000000r 2               .endif
000000r 2               
000000r 1               
000000r 1               .import delay_ms, convert_to_hex, str_length, str_trim, str_compare, primm_console, primm_lcd
000000r 1               .import via_init
000000r 1               .import led_init, led_on, led_off, led_flash
000000r 1               .import lcd_init, lcd_clear, lcd_goto, lcd_print_string, lcd_print_char, lcd_print_hex
000000r 1               .import console_init, console_write_string, console_write_byte, console_read_byte, console_read_string, console_write_hex, console_write_newline
000000r 1               .import debugger_run
000000r 1               .import modem_receive
000000r 1               .import KBINIT, KBINPUT, KBSCAN, KBGET
000000r 1               .import sdcard_init, sdcard_detect
000000r 1               .import fat32_init, fat32_openroot, fat32_opendirent, fat32_readdirent, fat32_finddirent, fat32_file_read, fat32_file_readbyte
000000r 1               .import rtc_init, rtc_settime, rtc_systime_update
000000r 1               .import mem_clear
000000r 1               .import joystick_scan, joystick_get, joystick_test
000000r 1               ;.import ra8875_init, ra8875_writetext
000000r 1               
000000r 1               .import b2ad
000000r 1               
000000r 1               ; define vector
000000r 1               .segment "VECTORS" ;defined in firmware.cfg starting at $FFFA
000000r 1               
000000r 1  rr rr            .word   nmi     ; $FFFA-$FFFB - MNI
000002r 1  rr rr            .word   reset   ; $FFFC-$FFFD - Reset
000004r 1  rr rr            .word   irq     ; $FFFE-$FFFF - IRQ/BRK
000006r 1               
000006r 1               .code
000000r 1               
000000r 1               
000000r 1                 nmi:
000000r 1  40                 rti
000001r 1               
000001r 1               
000001r 1                 ; http://wilsonminesco.com/6502interrupts/index.html
000001r 1                 irq:
000001r 1  48                 pha
000002r 1  DA                 phx
000003r 1  5A                 phy
000004r 1               
000004r 1  2C rr rr           bit  VIA1_IFR   ; Check 6522 VIA1's status register without loading.
000007r 1  30 08              bmi  @service_via1  ; If it caused the interrupt, branch to service it.
000009r 1  2C rr rr           bit  VIA2_IFR   ; Otherwise, check VIA2's status register.
00000Cr 1  30 09              bmi  @service_via2
00000Er 1  4C rr rr           jmp @irq_done
000011r 1               
000011r 1                   @service_via1:
000011r 1  2C rr rr           BIT   VIA1_T1CL
000014r 1  20 rr rr           jsr joystick_scan
000017r 1                   @service_via2:
000017r 1  2C rr rr           BIT   VIA2_T1CL
00001Ar 1                     ;jsr led_flash
00001Ar 1                     ;jsr joystick_scan
00001Ar 1               
00001Ar 1                   @irq_done:
00001Ar 1  7A                 ply
00001Br 1  FA                 plx
00001Cr 1  68                 pla
00001Dr 1               
00001Dr 1  40                 rti
00001Er 1               
00001Er 1               
00001Er 1               
00001Er 1                 reset:
00001Er 1  D8                 cld         ; clear decimal (use hex)
00001Fr 1               
00001Fr 1  78                 sei         ; set interupt disable (do not take interupts)
000020r 1               
000020r 1  A2 00              ldx #$00    ; clear the zero page and stack
000022r 1  74 00            : stz $0000,x ;zero page
000024r 1  9E 00 01           stz $0100,x ;user buffers and vars
000027r 1  E8                 inx
000028r 1  D0 F8              bne :-
00002Ar 1               
00002Ar 1  A2 FF              ldx #$ff    ; load FF in to X register
00002Cr 1  9A                 txs         ; set the stack pointer to the top (00FF)
00002Dr 1               
00002Dr 1  20 rr rr           jsr initialize
000030r 1               
000030r 1  58                 cli         ; clear interupt disable (start taking interupts)
000031r 1               
000031r 1               
000031r 1               
000031r 1               
000031r 1               
000031r 1                 loop:
000031r 1               
000031r 1                     ; print welcome message
000031r 1  A9 rr 85 rr        loadptr terminal_message, console_out_ptr
000035r 1  A9 rr 85 rr  
000039r 1  20 rr rr           jsr console_write_string
00003Cr 1               
00003Cr 1               
00003Cr 1               
00003Cr 1  A9 rr 85 rr        loadptr console_buffer, ptr1
000040r 1  A9 rr 85 rr  
000044r 1  A9 14              lda #BUFFLEN
000046r 1  20 rr rr           jsr console_read_string
000049r 1               
000049r 1               
000049r 1  AD rr rr           lda console_buffer
00004Cr 1  D0 03              bne @actual_command
00004Er 1  4C rr rr           jmp loop
000051r 1               
000051r 1                   @actual_command:
000051r 1               
000051r 1  A9 rr 85 rr        loadptr cmd_on, ptr2
000055r 1  A9 rr 85 rr  
000059r 1  20 rr rr           jsr str_compare
00005Cr 1  C9 00              cmp #$00
00005Er 1  F0 58              beq @on
000060r 1               
000060r 1  A9 rr 85 rr        loadptr cmd_off, ptr2
000064r 1  A9 rr 85 rr  
000068r 1  20 rr rr           jsr str_compare
00006Br 1  C9 00              cmp #$00
00006Dr 1  F0 4F              beq @off
00006Fr 1               
00006Fr 1  A9 rr 85 rr        loadptr cmd_xmodem, ptr2
000073r 1  A9 rr 85 rr  
000077r 1  20 rr rr           jsr str_compare
00007Ar 1  C9 00              cmp #$00
00007Cr 1  F0 46              beq @xmodem
00007Er 1               
00007Er 1  A9 rr 85 rr        loadptr cmd_kbtest, ptr2
000082r 1  A9 rr 85 rr  
000086r 1  20 rr rr           jsr str_compare
000089r 1  C9 00              cmp #$00
00008Br 1  F0 40              beq @kbtest
00008Dr 1               
00008Dr 1  A9 rr 85 rr        loadptr cmd_debugger, ptr2
000091r 1  A9 rr 85 rr  
000095r 1  20 rr rr           jsr str_compare
000098r 1  C9 00              cmp #$00
00009Ar 1  F0 37              beq @debugger
00009Cr 1               
00009Cr 1               
00009Cr 1  AD rr rr           lda console_buffer
00009Fr 1  C9 73              cmp #'s'
0000A1r 1  F0 36              beq @snes
0000A3r 1               
0000A3r 1  C9 74              cmp #'t'
0000A5r 1  F0 38              beq @time
0000A7r 1               
0000A7r 1                     ;cmp #'y'
0000A7r 1                     ;jsr rtc_settime
0000A7r 1               
0000A7r 1                     ;cmp #'h'
0000A7r 1                     ;beq @ra8875
0000A7r 1               
0000A7r 1                   @unknown:
0000A7r 1  A9 rr 85 rr        loadptr unknown_command, console_out_ptr
0000ABr 1  A9 rr 85 rr  
0000AFr 1  20 rr rr           jsr console_write_string
0000B2r 1  20 rr rr           jsr console_write_newline
0000B5r 1  4C rr rr           jmp loop
0000B8r 1               
0000B8r 1                   @on:
0000B8r 1  20 rr rr           jsr led_on
0000BBr 1  4C rr rr           jmp loop
0000BEr 1               
0000BEr 1                   @off:
0000BEr 1  20 rr rr           jsr led_off
0000C1r 1  4C rr rr           jmp loop
0000C4r 1               
0000C4r 1                   @xmodem:
0000C4r 1  20 rr rr           jsr modem_receive
0000C7r 1  20 00 10           jsr $1000
0000CAr 1  4C rr rr           jmp loop
0000CDr 1               
0000CDr 1                   @kbtest:
0000CDr 1  4C rr rr           jmp kbtest
0000D0r 1  4C rr rr           jmp loop
0000D3r 1               
0000D3r 1                   @debugger:
0000D3r 1  20 rr rr           jsr debugger_run
0000D6r 1  4C rr rr           jmp loop
0000D9r 1               
0000D9r 1                   @snes:
0000D9r 1                     ;;jsr joystick_test
0000D9r 1                     ;jsr joystick_get
0000D9r 1                     ;phy
0000D9r 1                     ;phx
0000D9r 1                     ;jsr console_write_hex
0000D9r 1                     ;jsr console_write_newline
0000D9r 1                     ;pla
0000D9r 1                     ;jsr console_write_hex
0000D9r 1                     ;jsr console_write_newline
0000D9r 1                     ;pla
0000D9r 1                     ;jsr console_write_hex
0000D9r 1                     ;jsr console_write_newline
0000D9r 1                     ;jmp loop
0000D9r 1               
0000D9r 1  20 rr rr           jsr joystick_test
0000DCr 1  4C rr rr           jmp loop
0000DFr 1               
0000DFr 1               
0000DFr 1               
0000DFr 1               
0000DFr 1               
0000DFr 1                   @time:
0000DFr 1  20 rr rr           jsr rtc_systime_update
0000E2r 1  20 rr rr           jsr console_write_newline
0000E5r 1  AD 02 03           lda rtc_systime_t+time_t::tm_hour
0000E8r 1  20 rr rr           jsr b2ad
0000EBr 1  A9 3A              lda #':'
0000EDr 1  20 rr rr           jsr console_write_byte
0000F0r 1  AD 01 03           lda rtc_systime_t+time_t::tm_min
0000F3r 1  20 rr rr           jsr b2ad
0000F6r 1  A9 3A              lda #':'
0000F8r 1  20 rr rr           jsr console_write_byte
0000FBr 1  AD 00 03           lda rtc_systime_t+time_t::tm_sec
0000FEr 1  20 rr rr           jsr b2ad
000101r 1  A9 20              lda #' '
000103r 1  20 rr rr           jsr console_write_byte
000106r 1  AD 05 03           lda rtc_systime_t+time_t::tm_mon
000109r 1  20 rr rr           jsr b2ad
00010Cr 1  A9 2F              lda #'/'
00010Er 1  20 rr rr           jsr console_write_byte
000111r 1  AD 04 03           lda rtc_systime_t+time_t::tm_mday
000114r 1  20 rr rr           jsr b2ad
000117r 1  A9 2F              lda #'/'
000119r 1  20 rr rr           jsr console_write_byte
00011Cr 1  AD 06 03           lda rtc_systime_t+time_t::tm_year
00011Fr 1  20 rr rr           jsr b2ad
000122r 1  20 rr rr           jsr console_write_newline
000125r 1  4C rr rr           jmp loop
000128r 1               
000128r 1                   ; @ra8875:
000128r 1                   ;   loadptr terminal_message, ra8875_out_ptr
000128r 1                   ;   jsr ra8875_writetext
000128r 1                   ;   jmp loop
000128r 1               
000128r 1               
000128r 1  4C rr rr           jmp loop
00012Br 1               
00012Br 1               
00012Br 1                     kbtest:
00012Br 1  20 rr rr             jsr KBINIT            ; init the keyboard, LEDs, and flags
00012Er 1                     lp0:
00012Er 1  20 rr rr             jsr console_write_newline          ; prints 0D 0A (CR LF) to the terminal
000131r 1                     lp1:
000131r 1  20 rr rr             jsr KBINPUT           ; wait for a keypress, return decoded ASCII code in A
000134r 1  C9 0D                cmp #$0d              ; if CR, then print CR LF to terminal
000136r 1  F0 F6                beq lp0               ;
000138r 1  C9 1B                cmp #$1B              ; esc ascii code
00013Ar 1  F0 0D                beq lp2               ;
00013Cr 1  C9 20                cmp #$20              ;
00013Er 1  90 0C                bcc lp3               ; control key, print as <hh> except $0d (CR) & $2B (Esc)
000140r 1  C9 80                cmp #$80              ;
000142r 1  B0 08                bcs lp3               ; extended key, just print the hex ascii code as <hh>
000144r 1  20 rr rr             jsr console_write_byte            ; prints contents of A reg to the Terminal, ascii 20-7F
000147r 1  80 E8                bra lp1               ;
000149r 1                     lp2:
000149r 1  4C rr rr             jmp loop
00014Cr 1                       ;rts                     ; done
00014Cr 1                     lp3:
00014Cr 1  48                   pha                     ;
00014Dr 1  A9 3C                lda #$3C              ; <
00014Fr 1  20 rr rr             jsr console_write_byte            ;
000152r 1  68                   pla                   ;
000153r 1  20 rr rr             jsr console_write_hex        ; print 1 byte in ascii hex
000156r 1  A9 3E                lda #$3E              ; >
000158r 1  20 rr rr             jsr console_write_byte            ;
00015Br 1  80 D4                bra lp1               ;
00015Dr 1               
00015Dr 1               
00015Dr 1               
00015Dr 1               
00015Dr 1                 initialize:
00015Dr 1               
00015Dr 1                   ; zero out all the RAM
00015Dr 1  20 rr rr         jsr mem_clear
000160r 1               
000160r 1                   ; initialize the console and write out
000160r 1  20 rr rr         jsr console_init
000163r 1  20 rr rr         jsr primm_console
000166r 1  1B 5B 32 4A      .byte $1B,"[2J",$1B,"[H",$1B,"[91mJRE6502",$1B,"[0m initializing...",$00
00016Ar 1  1B 5B 48 1B  
00016Er 1  5B 39 31 6D  
00018Er 1  20 rr rr         jsr console_write_newline
000191r 1               
000191r 1                   ; initialize the VIAs
000191r 1  20 rr rr         jsr via_init
000194r 1               
000194r 1                   ; initialize the LED
000194r 1  20 rr rr         jsr led_init
000197r 1  20 rr rr         jsr led_flash
00019Ar 1               
00019Ar 1                   ; initialize the LCD
00019Ar 1  20 rr rr         jsr primm_console
00019Dr 1  49 6E 69 74      .asciiz "Initializing LCD..."
0001A1r 1  69 61 6C 69  
0001A5r 1  7A 69 6E 67  
0001B1r 1  20 rr rr         jsr lcd_init
0001B4r 1  A9 rr 85 rr      loadptr lcd_message, lcd_out_ptr
0001B8r 1  A9 rr 85 rr  
0001BCr 1  20 rr rr         jsr lcd_print_string
0001BFr 1  A9 rr 85 rr      loadptr init_success, console_out_ptr
0001C3r 1  A9 rr 85 rr  
0001C7r 1  20 rr rr         jsr console_write_string
0001CAr 1  20 rr rr         jsr console_write_newline
0001CDr 1               
0001CDr 1                   ; initialize the RTC
0001CDr 1                   @init_rtc:
0001CDr 1  20 rr rr           jsr primm_console
0001D0r 1  49 6E 69 74        .asciiz "Initializing RTC..."
0001D4r 1  69 61 6C 69  
0001D8r 1  7A 69 6E 67  
0001E4r 1  20 rr rr           jsr rtc_init
0001E7r 1                   @init_rtc_success:
0001E7r 1  A9 rr 85 rr        loadptr init_success, console_out_ptr
0001EBr 1  A9 rr 85 rr  
0001EFr 1  20 rr rr           jsr console_write_string
0001F2r 1  20 rr rr           jsr console_write_newline
0001F5r 1               
0001F5r 1                   ; initialize the SD Card
0001F5r 1                   @init_sdcard:
0001F5r 1  20 rr rr           jsr primm_console
0001F8r 1  49 6E 69 74        .asciiz "Initializing SD card..."
0001FCr 1  69 61 6C 69  
000200r 1  7A 69 6E 67  
000210r 1  20 rr rr           jsr sdcard_init
000213r 1  F0 10              beq @init_sdcard_success
000215r 1                   @init_sdcard_failure:
000215r 1  A9 rr 85 rr        loadptr init_failed, console_out_ptr
000219r 1  A9 rr 85 rr  
00021Dr 1  20 rr rr           jsr console_write_string
000220r 1  20 rr rr           jsr console_write_hex
000223r 1  80 0B              bra @init_sdcard_done
000225r 1                   @init_sdcard_success:
000225r 1  A9 rr 85 rr        loadptr init_success, console_out_ptr
000229r 1  A9 rr 85 rr  
00022Dr 1  20 rr rr           jsr console_write_string
000230r 1                   @init_sdcard_done:
000230r 1  20 rr rr           jsr console_write_newline
000233r 1               
000233r 1               
000233r 1                   ; setup timers on VIA1 for interupt processing
000233r 1                   ; http://wilsonminesco.com/6502interrupts/index.html
000233r 1  A9 FF            lda #$FF        ; put FFFF (65535) in VIA timer 1 counter
000235r 1  8D rr rr         sta VIA1_T1CL   ; this will make the timeout 61 times per
000238r 1  8D rr rr         sta VIA1_T1CH   ; second with the 4mhz clock
00023Br 1               
00023Br 1  AD rr rr         lda VIA1_ACR    ; Clear the ACR's bit that
00023Er 1  29 7F            and #%01111111  ; tells T1 to toggle PB7 upon time-out, and
000240r 1  09 40            ora #%01000000  ; set the bit that tells T1 to automatically
000242r 1  8D rr rr         sta VIA1_ACR    ; produce an interrupt at every time-out and
000245r 1                                   ; just reload from the latches and keep going.
000245r 1  A9 C0            lda #%11000000
000247r 1  8D rr rr         sta VIA1_IER    ; Enable the T1 interrupt in the VIA.
00024Ar 1               
00024Ar 1                   ; initialization complete
00024Ar 1  20 rr rr         jsr primm_console
00024Dr 1  49 6E 69 74      .asciiz "Initialization complete"
000251r 1  69 61 6C 69  
000255r 1  7A 61 74 69  
000265r 1  20 rr rr         jsr console_write_newline
000268r 1  20 rr rr         jsr console_write_newline
00026Br 1               
00026Br 1  60               rts
00026Cr 1               
00026Cr 1               
00026Cr 1               
00026Cr 1               .bss
000000r 1                   BUFFLEN = 20
000000r 1  00 00 00 00      console_buffer: .res BUFFLEN + 1, 0
000004r 1  00 00 00 00  
000008r 1  00 00 00 00  
000015r 1               
000015r 1               .rodata
000000r 1                   ;lcd_message: .asciiz "Line A -- A1A2A3A4A5Line B -- B1B2B3B4B5Line C -- C1C2C3C4C5Line D -- D1D2D3D4D5"
000000r 1  4C 69 6E 65      lcd_message: .asciiz "Line A -- A1A2A3A4A5Line B -- B1B2B3B4B5Line C -- C1C2C3C4C5Line D -- D1D2D3D4D5Line E -- A1A2A3A4A5Line F -- B1B2B3B4B5Line G -- C1C2C3C4C5Line H -- D1D2D3D4D"
000004r 1  20 41 20 2D  
000008r 1  2D 20 41 31  
0000A0r 1                   ;lcd_message: .asciiz "Welcome"
0000A0r 1  4A 52 45 36      terminal_message: .asciiz "JRE6502>"
0000A4r 1  35 30 32 3E  
0000A8r 1  00           
0000A9r 1  6C 65 64 20      cmd_on: .asciiz "led on"
0000ADr 1  6F 6E 00     
0000B0r 1  6F 66 66 20      cmd_off: .asciiz "off led"
0000B4r 1  6C 65 64 00  
0000B8r 1  6C 6F 61 64      cmd_xmodem: .asciiz "load"
0000BCr 1  00           
0000BDr 1  64 65 62 75      cmd_debugger: .asciiz "debug"
0000C1r 1  67 00        
0000C3r 1  6B 62 74 65      cmd_kbtest:.asciiz "kbtest"
0000C7r 1  73 74 00     
0000CAr 1  55 6E 6B 6E      unknown_command: .asciiz "Unknown command"
0000CEr 1  6F 77 6E 20  
0000D2r 1  63 6F 6D 6D  
0000DAr 1  1B 5B 39 32      init_success: .byte $1B,"[92mdone",$1B,"[0m",$00
0000DEr 1  6D 64 6F 6E  
0000E2r 1  65 1B 5B 30  
0000E8r 1  1B 5B 39 31      init_failed:  .byte $1B,"[91m failed - ",$1B,"[0m",$00
0000ECr 1  6D 20 66 61  
0000F0r 1  69 6C 65 64  
0000FCr 1               
0000FCr 1               
0000FCr 1               
